Component: ARM Compiler 5.06 update 4 (build 422) Tool: armlink [4d35d2]

==============================================================================

Section Cross References

    lcd.o(.text) refers (Special) to lcdmain.o(.text) for Start
    lcdmain.o(.text) refers to lcd.o(.text) for UP_LCD
    lcdmain.o(.text) refers to sensor.o(.text) for UP_DS18B20
    lcdmain.o(.text) refers to lcdmain.o(DATA) for S1_TEMP1
    startup.o(RESET) refers to startup.o(STACK) for StackMem
    startup.o(RESET) refers to lcdmain.o(.text) for Start


==============================================================================

Removing Unused input sections from the image.

    Removing startup.o(HEAP), (0 bytes).

1 unused section(s) (total 0 bytes) removed from the image.

==============================================================================

Image Symbol Table

    Local Symbols

    Symbol Name                              Value     Ov Type        Size  Object(Section)

    RESET                                    0x00000000   Section      556  startup.o(RESET)
    LCD.s                                    0x00000000   Number         0  lcd.o ABSOLUTE
    LCDmain.s                                0x00000000   Number         0  lcdmain.o ABSOLUTE
    sensor.s                                 0x00000000   Number         0  sensor.o ABSOLUTE
    startup.s                                0x00000000   Number         0  startup.o ABSOLUTE
    $v0                                      0x00000208   Number         0  startup.o(RESET)
    .text                                    0x0000022c   Section      644  lcd.o(.text)
    $v0                                      0x0000022c   Number         0  lcd.o(.text)
    .text                                    0x000004b0   Section     2120  lcdmain.o(.text)
    $v0                                      0x000004ba   Number         0  lcdmain.o(.text)
    .text                                    0x00000cf8   Section      532  sensor.o(.text)
    $v0                                      0x00000cf8   Number         0  sensor.o(.text)
    DATA                                     0x20000000   Section       32  lcdmain.o(DATA)
    S1_TEMP1                                 0x2000000c   Data           4  lcdmain.o(DATA)
    S1_TEMP2                                 0x20000010   Data           4  lcdmain.o(DATA)
    S1_TEMP3                                 0x20000014   Data           4  lcdmain.o(DATA)
    STACK                                    0x20000020   Section     1024  startup.o(STACK)
    StackMem                                 0x20000020   Data           0  startup.o(STACK)

    Global Symbols

    Symbol Name                              Value     Ov Type        Size  Object(Section)

    BuildAttributes$$THM_ISAv4$E$P$D$K$B$S$7EM$VFPi3$EXTD16$VFPS$VFMA$PE$A:L22UL41UL21$X:L11$S22US41US21$IEEE1$IW$USESV6$~STKCKD$USESV7$~SHL$OSPACE$EBA8$STANDARDLIB$EABIv2 0x00000000   Number         0  anon$$obj.o ABSOLUTE
    __Vectors                                0x00000000   Data           0  startup.o(RESET)
    Reset_Handler                            0x00000209   Thumb Code     0  startup.o(RESET)
    NMI_Handler                              0x0000020d   Thumb Code     2  startup.o(RESET)
    HardFault_Handler                        0x0000020f   Thumb Code     2  startup.o(RESET)
    MemManage_Handler                        0x00000211   Thumb Code     2  startup.o(RESET)
    BusFault_Handler                         0x00000213   Thumb Code     2  startup.o(RESET)
    UsageFault_Handler                       0x00000215   Thumb Code     2  startup.o(RESET)
    SVC_Handler                              0x00000217   Thumb Code     2  startup.o(RESET)
    DebugMon_Handler                         0x00000219   Thumb Code     2  startup.o(RESET)
    PendSV_Handler                           0x0000021b   Thumb Code     2  startup.o(RESET)
    SysTick_Handler                          0x0000021d   Thumb Code     2  startup.o(RESET)
    ADC0Seq0_Handler                         0x0000021f   Thumb Code     0  startup.o(RESET)
    ADC0Seq1_Handler                         0x0000021f   Thumb Code     0  startup.o(RESET)
    ADC0Seq2_Handler                         0x0000021f   Thumb Code     0  startup.o(RESET)
    ADC0Seq3_Handler                         0x0000021f   Thumb Code     0  startup.o(RESET)
    ADC1Seq0_Handler                         0x0000021f   Thumb Code     0  startup.o(RESET)
    ADC1Seq1_Handler                         0x0000021f   Thumb Code     0  startup.o(RESET)
    ADC1Seq2_Handler                         0x0000021f   Thumb Code     0  startup.o(RESET)
    ADC1Seq3_Handler                         0x0000021f   Thumb Code     0  startup.o(RESET)
    CAN0_Handler                             0x0000021f   Thumb Code     0  startup.o(RESET)
    CAN1_Handler                             0x0000021f   Thumb Code     0  startup.o(RESET)
    Comp0_Handler                            0x0000021f   Thumb Code     0  startup.o(RESET)
    Comp1_Handler                            0x0000021f   Thumb Code     0  startup.o(RESET)
    Comp2_Handler                            0x0000021f   Thumb Code     0  startup.o(RESET)
    Ethernet_Handler                         0x0000021f   Thumb Code     0  startup.o(RESET)
    ExtBus_Handler                           0x0000021f   Thumb Code     0  startup.o(RESET)
    FPU_Handler                              0x0000021f   Thumb Code     0  startup.o(RESET)
    FlashCtl_Handler                         0x0000021f   Thumb Code     0  startup.o(RESET)
    GPIOPortA_Handler                        0x0000021f   Thumb Code     0  startup.o(RESET)
    GPIOPortB_Handler                        0x0000021f   Thumb Code     0  startup.o(RESET)
    GPIOPortC_Handler                        0x0000021f   Thumb Code     0  startup.o(RESET)
    GPIOPortD_Handler                        0x0000021f   Thumb Code     0  startup.o(RESET)
    GPIOPortE_Handler                        0x0000021f   Thumb Code     0  startup.o(RESET)
    GPIOPortF_Handler                        0x0000021f   Thumb Code     0  startup.o(RESET)
    GPIOPortG_Handler                        0x0000021f   Thumb Code     0  startup.o(RESET)
    GPIOPortH_Handler                        0x0000021f   Thumb Code     0  startup.o(RESET)
    GPIOPortJ_Handler                        0x0000021f   Thumb Code     0  startup.o(RESET)
    GPIOPortK_Handler                        0x0000021f   Thumb Code     0  startup.o(RESET)
    GPIOPortL_Handler                        0x0000021f   Thumb Code     0  startup.o(RESET)
    GPIOPortM_Handler                        0x0000021f   Thumb Code     0  startup.o(RESET)
    GPIOPortN_Handler                        0x0000021f   Thumb Code     0  startup.o(RESET)
    GPIOPortP1_Handler                       0x0000021f   Thumb Code     4  startup.o(RESET)
    GPIOPortP_Handler                        0x0000021f   Thumb Code     0  startup.o(RESET)
    Hibernate_Handler                        0x0000021f   Thumb Code     0  startup.o(RESET)
    I2C0_Handler                             0x0000021f   Thumb Code     0  startup.o(RESET)
    I2C1_Handler                             0x0000021f   Thumb Code     0  startup.o(RESET)
    I2C2_Handler                             0x0000021f   Thumb Code     0  startup.o(RESET)
    I2C3_Handler                             0x0000021f   Thumb Code     0  startup.o(RESET)
    I2C4_Handler                             0x0000021f   Thumb Code     0  startup.o(RESET)
    I2C5_Handler                             0x0000021f   Thumb Code     0  startup.o(RESET)
    PWM0Fault_Handler                        0x0000021f   Thumb Code     0  startup.o(RESET)
    PWM0Generator0_Handler                   0x0000021f   Thumb Code     0  startup.o(RESET)
    PWM0Generator1_Handler                   0x0000021f   Thumb Code     0  startup.o(RESET)
    PWM0Generator2_Handler                   0x0000021f   Thumb Code     0  startup.o(RESET)
    PWM0Generator3_Handler                   0x0000021f   Thumb Code     0  startup.o(RESET)
    Quadrature0_Handler                      0x0000021f   Thumb Code     0  startup.o(RESET)
    SSI0_Handler                             0x0000021f   Thumb Code     0  startup.o(RESET)
    SSI1_Handler                             0x0000021f   Thumb Code     0  startup.o(RESET)
    SSI2_Handler                             0x0000021f   Thumb Code     0  startup.o(RESET)
    SSI3_Handler                             0x0000021f   Thumb Code     0  startup.o(RESET)
    SysCtl_Handler                           0x0000021f   Thumb Code     0  startup.o(RESET)
    Tamper_Handler                           0x0000021f   Thumb Code     0  startup.o(RESET)
    Timer0A_Handler                          0x0000021f   Thumb Code     0  startup.o(RESET)
    Timer0B_Handler                          0x0000021f   Thumb Code     0  startup.o(RESET)
    Timer1A_Handler                          0x0000021f   Thumb Code     0  startup.o(RESET)
    Timer1B_Handler                          0x0000021f   Thumb Code     0  startup.o(RESET)
    Timer2A_Handler                          0x0000021f   Thumb Code     0  startup.o(RESET)
    Timer2B_Handler                          0x0000021f   Thumb Code     0  startup.o(RESET)
    Timer3A_Handler                          0x0000021f   Thumb Code     0  startup.o(RESET)
    Timer3B_Handler                          0x0000021f   Thumb Code     0  startup.o(RESET)
    Timer4A_Handler                          0x0000021f   Thumb Code     0  startup.o(RESET)
    Timer4B_Handler                          0x0000021f   Thumb Code     0  startup.o(RESET)
    Timer5A_Handler                          0x0000021f   Thumb Code     0  startup.o(RESET)
    Timer5B_Handler                          0x0000021f   Thumb Code     0  startup.o(RESET)
    UART0_Handler                            0x0000021f   Thumb Code     0  startup.o(RESET)
    UART1_Handler                            0x0000021f   Thumb Code     0  startup.o(RESET)
    UART2_Handler                            0x0000021f   Thumb Code     0  startup.o(RESET)
    UART3_Handler                            0x0000021f   Thumb Code     0  startup.o(RESET)
    UART4_Handler                            0x0000021f   Thumb Code     0  startup.o(RESET)
    UART5_Handler                            0x0000021f   Thumb Code     0  startup.o(RESET)
    UART6_Handler                            0x0000021f   Thumb Code     0  startup.o(RESET)
    UART7_Handler                            0x0000021f   Thumb Code     0  startup.o(RESET)
    USB0_Handler                             0x0000021f   Thumb Code     0  startup.o(RESET)
    WDT_Handler                              0x0000021f   Thumb Code     0  startup.o(RESET)
    uDMA_Error                               0x0000021f   Thumb Code     0  startup.o(RESET)
    uDMA_Handler                             0x0000021f   Thumb Code     0  startup.o(RESET)
    GPIOPortP2_Handler                       0x00000223   Thumb Code     4  startup.o(RESET)
    GPIOPortP3_Handler                       0x00000227   Thumb Code     4  startup.o(RESET)
    GPIOPortP4_Handler                       0x0000022b   Thumb Code     0  startup.o(RESET)
    GPIOPortP5_Handler                       0x0000022b   Thumb Code     0  startup.o(RESET)
    GPIOPortP6_Handler                       0x0000022b   Thumb Code     0  startup.o(RESET)
    GPIOPortP7_Handler                       0x0000022b   Thumb Code     0  startup.o(RESET)
    GPIOPortQ1_Handler                       0x0000022b   Thumb Code     0  startup.o(RESET)
    GPIOPortQ2_Handler                       0x0000022b   Thumb Code     0  startup.o(RESET)
    GPIOPortQ3_Handler                       0x0000022b   Thumb Code     0  startup.o(RESET)
    GPIOPortQ4_Handler                       0x0000022b   Thumb Code     0  startup.o(RESET)
    GPIOPortQ5_Handler                       0x0000022b   Thumb Code     0  startup.o(RESET)
    GPIOPortQ6_Handler                       0x0000022b   Thumb Code     0  startup.o(RESET)
    GPIOPortQ7_Handler                       0x0000022b   Thumb Code     0  startup.o(RESET)
    GPIOPortQ_Handler                        0x0000022b   Thumb Code     0  startup.o(RESET)
    I2C6_Handler                             0x0000022b   Thumb Code     0  startup.o(RESET)
    I2C7_Handler                             0x0000022b   Thumb Code     0  startup.o(RESET)
    I2C8_Handler                             0x0000022b   Thumb Code     0  startup.o(RESET)
    I2C9_Handler                             0x0000022b   Thumb Code     0  startup.o(RESET)
    Timer6A_Handler                          0x0000022b   Thumb Code     0  startup.o(RESET)
    Timer6B_Handler                          0x0000022b   Thumb Code     0  startup.o(RESET)
    Timer7A_Handler                          0x0000022b   Thumb Code     0  startup.o(RESET)
    Timer7B_Handler                          0x0000022b   Thumb Code     0  startup.o(RESET)
    UP_LCD                                   0x0000022d   Thumb Code     0  lcd.o(.text)
    LCD_DELAY                                0x000002ed   Thumb Code     0  lcd.o(.text)
    LCD_E                                    0x00000323   Thumb Code     0  lcd.o(.text)
    LCD_BUSY                                 0x0000033d   Thumb Code     0  lcd.o(.text)
    LCD_DATO                                 0x00000389   Thumb Code     0  lcd.o(.text)
    LCD_REG                                  0x000003b3   Thumb Code     0  lcd.o(.text)
    LCD_INI                                  0x000003cd   Thumb Code     0  lcd.o(.text)
    FUNCION_SET                              0x00000423   Thumb Code     0  lcd.o(.text)
    BORRA_Y_HOME                             0x00000433   Thumb Code     0  lcd.o(.text)
    DISPLAY_ON_CUR_OFF                       0x00000443   Thumb Code     0  lcd.o(.text)
    RETURN_HOMER                             0x00000453   Thumb Code     0  lcd.o(.text)
    TABLA                                    0x000004b0   Data          10  lcdmain.o(.text)
    Start                                    0x000004bb   Thumb Code     0  lcdmain.o(.text)
    SALTA1                                   0x00000ae1   Thumb Code     0  lcdmain.o(.text)
    SALTA2                                   0x00000b5b   Thumb Code     0  lcdmain.o(.text)
    SALTA3                                   0x00000bd5   Thumb Code     0  lcdmain.o(.text)
    UP_DS18B20                               0x00000cf9   Thumb Code     0  sensor.o(.text)
    INI_reset                                0x00000d55   Thumb Code     0  sensor.o(.text)
    ENVIA_CERO                               0x00000dc5   Thumb Code     0  sensor.o(.text)
    ENVIA_UNO                                0x00000dfb   Thumb Code     0  sensor.o(.text)
    LECTURA                                  0x00000e35   Thumb Code     0  sensor.o(.text)
    DELAY_480                                0x00000ea3   Thumb Code     0  sensor.o(.text)
    CONTA1                                   0x20000004   Data           2  lcdmain.o(DATA)



==============================================================================

Memory Map of the image

  Image Entry point : 0x00000209

  Load Region LR_1 (Base: 0x00000000, Size: 0x00000f2c, Max: 0xffffffff, ABSOLUTE)

    Execution Region ER_RO (Base: 0x00000000, Size: 0x00000f0c, Max: 0xffffffff, ABSOLUTE)

    Base Addr    Size         Type   Attr      Idx    E Section Name        Object

    0x00000000   0x0000022c   Code   RO           12  * RESET               startup.o
    0x0000022c   0x00000284   Code   RO            1    .text               lcd.o
    0x000004b0   0x00000848   Code   RO            7    .text               lcdmain.o
    0x00000cf8   0x00000214   Code   RO           16    .text               sensor.o


    Execution Region ER_RW (Base: 0x20000000, Size: 0x00000020, Max: 0xffffffff, ABSOLUTE)

    Base Addr    Size         Type   Attr      Idx    E Section Name        Object

    0x20000000   0x00000020   Data   RW            6    DATA                lcdmain.o


    Execution Region ER_ZI (Base: 0x20000020, Size: 0x00000400, Max: 0xffffffff, ABSOLUTE)

    Base Addr    Size         Type   Attr      Idx    E Section Name        Object

    0x20000020   0x00000400   Zero   RW           10    STACK               startup.o


==============================================================================

Image component sizes


      Code (inc. data)   RO Data    RW Data    ZI Data      Debug   Object Name

       644         78          0          0          0        444   lcd.o
      2120        184          0         32          0        604   lcdmain.o
       532         52          0          0          0        348   sensor.o
       556        520          0          0       1024        816   startup.o

    ----------------------------------------------------------------------
      3852        834          0         32       1024       2212   Object Totals
         0          0          0          0          0          0   (incl. Generated)
         0          0          0          0          0          0   (incl. Padding)

    ----------------------------------------------------------------------
         0          0          0          0          0          0   Library Totals
         0          0          0          0          0          0   (incl. Padding)

    ----------------------------------------------------------------------

==============================================================================


      Code (inc. data)   RO Data    RW Data    ZI Data      Debug   

      3852        834          0         32       1024       2212   Grand Totals
      3852        834          0         32       1024       2212   ELF Image Totals
      3852        834          0         32          0          0   ROM Totals

==============================================================================

    Total RO  Size (Code + RO Data)                 3852 (   3.76kB)
    Total RW  Size (RW Data + ZI Data)              1056 (   1.03kB)
    Total ROM Size (Code + RO Data + RW Data)       3884 (   3.79kB)

==============================================================================

